kotlin version: 2.0.20
error message: org.jetbrains.kotlin.com.intellij.util.pico.PicoException: Key org.jetbrains.kotlin.analysis.decompiler.psi.BuiltinsVirtualFileProvider duplicated
	at org.jetbrains.kotlin.com.intellij.util.pico.DefaultPicoContainer.registerComponent(DefaultPicoContainer.java:105)
	at org.jetbrains.kotlin.com.intellij.util.pico.DefaultPicoContainer.registerComponentImplementation(DefaultPicoContainer.java:165)
	at org.jetbrains.kotlin.com.intellij.mock.MockComponentManager.registerService(MockComponentManager.java:108)
	at org.jetbrains.kotlin.analysis.api.standalone.base.projectStructure.PluginStructureProvider.registerServiceWithInterface(PluginStructureProvider.kt:159)
	at org.jetbrains.kotlin.analysis.api.standalone.base.projectStructure.PluginStructureProvider.registerApplicationServices(PluginStructureProvider.kt:171)
	at org.jetbrains.kotlin.analysis.api.standalone.base.projectStructure.FirStandaloneServiceRegistrar.registerApplicationServicesWithCustomClassLoader(FirStandaloneServiceRegistrar.kt:30)
	at org.jetbrains.kotlin.analysis.api.standalone.StandaloneAnalysisAPISessionBuilder._init_$lambda$0(StandaloneAnalysisAPISessionBuilder.kt:92)
	at org.jetbrains.kotlin.analysis.api.standalone.base.projectStructure.ApplicationServiceRegistration.registerWithCustomRegistration(ApplicationServiceRegistration.kt:46)
	at org.jetbrains.kotlin.analysis.api.standalone.StandaloneAnalysisAPISessionBuilder.<init>(StandaloneAnalysisAPISessionBuilder.kt:89)
	at org.jetbrains.kotlin.kapt4.Kapt4AnalysisHandlerExtension.doAnalysis(Kapt4AnalysisHandlerExtension.kt:240)
	at org.jetbrains.kotlin.fir.extensions.FirAnalysisHandlerExtension$Companion.analyze(FirAnalysisHandlerExtension.kt:30)
	at org.jetbrains.kotlin.cli.jvm.compiler.pipeline.JvmCompilerPipelineKt.compileModulesUsingFrontendIrAndLightTree(jvmCompilerPipeline.kt:91)
	at org.jetbrains.kotlin.cli.jvm.K2JVMCompiler.doExecute(K2JVMCompiler.kt:148)
	at org.jetbrains.kotlin.cli.jvm.K2JVMCompiler.doExecute(K2JVMCompiler.kt:43)
	at org.jetbrains.kotlin.cli.common.CLICompiler.execImpl(CLICompiler.kt:103)
	at org.jetbrains.kotlin.cli.common.CLICompiler.execImpl(CLICompiler.kt:49)
	at org.jetbrains.kotlin.cli.common.CLITool.exec(CLITool.kt:101)
	at org.jetbrains.kotlin.daemon.CompileServiceImpl.compile(CompileServiceImpl.kt:1555)
	at java.base/jdk.internal.reflect.DirectMethodHandleAccessor.invoke(Unknown Source)
	at java.base/java.lang.reflect.Method.invoke(Unknown Source)
	at java.rmi/sun.rmi.server.UnicastServerRef.dispatch(Unknown Source)
	at java.rmi/sun.rmi.transport.Transport$1.run(Unknown Source)
	at java.rmi/sun.rmi.transport.Transport$1.run(Unknown Source)
	at java.base/java.security.AccessController.doPrivileged(Unknown Source)
	at java.rmi/sun.rmi.transport.Transport.serviceCall(Unknown Source)
	at java.rmi/sun.rmi.transport.tcp.TCPTransport.handleMessages(Unknown Source)
	at java.rmi/sun.rmi.transport.tcp.TCPTransport$ConnectionHandler.run0(Unknown Source)
	at java.rmi/sun.rmi.transport.tcp.TCPTransport$ConnectionHandler.lambda$run$0(Unknown Source)
	at java.base/java.security.AccessController.doPrivileged(Unknown Source)
	at java.rmi/sun.rmi.transport.tcp.TCPTransport$ConnectionHandler.run(Unknown Source)
	at java.base/java.util.concurrent.ThreadPoolExecutor.runWorker(Unknown Source)
	at java.base/java.util.concurrent.ThreadPoolExecutor$Worker.run(Unknown Source)
	at java.base/java.lang.Thread.run(Unknown Source)


